/tftpboot/linux/tinycore/cde/xvesa/optional/libasound.tcz
/tftpboot/linux/tinycore/cde/xvesa/optional/libavahi.tcz
/tftpboot/linux/tinycore/cde/xvesa/optional/libavcodec.tcz
/tftpboot/linux/tinycore/cde/xvesa/optional/libavutil.tcz
/tftpboot/linux/tinycore/cde/xvesa/optional/libcups.tcz
/tftpboot/linux/tinycore/cde/xvesa/optional/libedit.tcz
/tftpboot/linux/tinycore/cde/xvesa/optional/libffi.tcz
/tftpboot/linux/tinycore/cde/xvesa/optional/libfontenc.tcz
/tftpboot/linux/tinycore/cde/xvesa/optional/libFS.tcz
/tftpboot/linux/tinycore/cde/xvesa/optional/libgcrypt.tcz
/tftpboot/linux/tinycore/cde/xvesa/optional/libgpg-error.tcz
/tftpboot/linux/tinycore/cde/xvesa/optional/libgsm.tcz
/tftpboot/linux/tinycore/cde/xvesa/optional/libICE.tcz
/tftpboot/linux/tinycore/cde/xvesa/optional/libiw.tcz
/tftpboot/linux/tinycore/cde/xvesa/optional/libjpeg-turbo.tcz
/tftpboot/linux/tinycore/cde/xvesa/optional/libltdl.tcz
/tftpboot/linux/tinycore/cde/xvesa/optional/libogg.tcz
/tftpboot/linux/tinycore/cde/xvesa/optional/liborc.tcz
/tftpboot/linux/tinycore/cde/xvesa/optional/libpci.tcz
/tftpboot/linux/tinycore/cde/xvesa/optional/libpng.tcz
/tftpboot/linux/tinycore/cde/xvesa/optional/libpulseaudio.tcz
/tftpboot/linux/tinycore/cde/xvesa/optional/libschroedinger.tcz
/tftpboot/linux/tinycore/cde/xvesa/optional/libSM.tcz
/tftpboot/linux/tinycore/cde/xvesa/optional/libsndfile.tcz
/tftpboot/linux/tinycore/cde/xvesa/optional/libssh2.tcz
/tftpboot/linux/tinycore/cde/xvesa/optional/libtheora.tcz
/tftpboot/linux/tinycore/cde/xvesa/optional/libvorbis.tcz
/tftpboot/linux/tinycore/cde/xvesa/optional/libvpx.tcz
/tftpboot/linux/tinycore/cde/xvesa/optional/libX11.tcz
/tftpboot/linux/tinycore/cde/xvesa/optional/libXau.tcz
/tftpboot/linux/tinycore/cde/xvesa/optional/libXaw.tcz
/tftpboot/linux/tinycore/cde/xvesa/optional/libxcb.tcz
/tftpboot/linux/tinycore/cde/xvesa/optional/libXcomposite.tcz
/tftpboot/linux/tinycore/cde/xvesa/optional/libXcursor.tcz
/tftpboot/linux/tinycore/cde/xvesa/optional/libXdamage.tcz
/tftpboot/linux/tinycore/cde/xvesa/optional/libXdmcp.tcz
/tftpboot/linux/tinycore/cde/xvesa/optional/libXext.tcz
/tftpboot/linux/tinycore/cde/xvesa/optional/libXfixes.tcz
/tftpboot/linux/tinycore/cde/xvesa/optional/libXfont2.tcz
/tftpboot/linux/tinycore/cde/xvesa/optional/libXfont.tcz
/tftpboot/linux/tinycore/cde/xvesa/optional/libXft.tcz
/tftpboot/linux/tinycore/cde/xvesa/optional/libXinerama.tcz
/tftpboot/linux/tinycore/cde/xvesa/optional/libXi.tcz
/tftpboot/linux/tinycore/cde/xvesa/optional/libxkbcommon.tcz
/tftpboot/linux/tinycore/cde/xvesa/optional/libxkbfile.tcz
/tftpboot/linux/tinycore/cde/xvesa/optional/libXmu.tcz
/tftpboot/linux/tinycore/cde/xvesa/optional/libXpm.tcz
/tftpboot/linux/tinycore/cde/xvesa/optional/libXrandr.tcz
/tftpboot/linux/tinycore/cde/xvesa/optional/libXrender.tcz
/tftpboot/linux/tinycore/cde/xvesa/optional/libXres.tcz
/tftpboot/linux/tinycore/cde/xvesa/optional/libXss.tcz
/tftpboot/linux/tinycore/cde/xvesa/optional/libXtst.tcz
/tftpboot/linux/tinycore/cde/xvesa/optional/libXt.tcz
/tftpboot/linux/tinycore/cde/xvesa/optional/libXvmc.tcz
/tftpboot/linux/tinycore/cde/xvesa/optional/libXv.tcz
/tftpboot/linux/tinycore/cde/xvesa/optional/libXxf86dga.tcz
/tftpboot/linux/tinycore/cde/xvesa/optional/libXxf86vm.tcz
/tftpboot/linux/tinycore/cde/xvesa/optional/aterm.tcz
/tftpboot/linux/tinycore/cde/xvesa/optional/bzip2-lib.tcz
/tftpboot/linux/tinycore/cde/xvesa/optional/celt.tcz
/tftpboot/linux/tinycore/cde/xvesa/optional/conky.tcz
/tftpboot/linux/tinycore/cde/xvesa/optional/dbus.tcz
/tftpboot/linux/tinycore/cde/xvesa/optional/dialog.tcz
/tftpboot/linux/tinycore/cde/xvesa/optional/expat2.tcz
/tftpboot/linux/tinycore/cde/xvesa/optional/faac.tcz
/tftpboot/linux/tinycore/cde/xvesa/optional/flac.tcz
/tftpboot/linux/tinycore/cde/xvesa/optional/fltk-1.3.tcz
/tftpboot/linux/tinycore/cde/xvesa/optional/freetype.tcz
/tftpboot/linux/tinycore/cde/xvesa/optional/gcc_libs.tcz
/tftpboot/linux/tinycore/cde/xvesa/optional/glib2.tcz
/tftpboot/linux/tinycore/cde/xvesa/optional/gst-plugins-base.tcz
/tftpboot/linux/tinycore/cde/xvesa/optional/gstreamer.tcz
/tftpboot/linux/tinycore/cde/xvesa/optional/htop.tcz
/tftpboot/linux/tinycore/cde/xvesa/optional/imlib2-bin.tcz
/tftpboot/linux/tinycore/cde/xvesa/optional/imlib2.tcz
/tftpboot/linux/tinycore/cde/xvesa/optional/json-c.tcz
/tftpboot/linux/tinycore/cde/xvesa/optional/lame.tcz
/tftpboot/linux/tinycore/cde/xvesa/optional/mc.tcz
/tftpboot/linux/tinycore/cde/xvesa/optional/ncurses5.tcz
/tftpboot/linux/tinycore/cde/xvesa/optional/ncursesw.tcz
/tftpboot/linux/tinycore/cde/xvesa/optional/openssh.tcz
/tftpboot/linux/tinycore/cde/xvesa/optional/openssl.tcz
/tftpboot/linux/tinycore/cde/xvesa/optional/pci-utils.tcz
/tftpboot/linux/tinycore/cde/xvesa/optional/pcre.tcz
/tftpboot/linux/tinycore/cde/xvesa/optional/pcsc-lite.tcz
/tftpboot/linux/tinycore/cde/xvesa/optional/slang.tcz
/tftpboot/linux/tinycore/cde/xvesa/optional/speex.tcz
/tftpboot/linux/tinycore/cde/xvesa/optional/twolame.tcz
/tftpboot/linux/tinycore/cde/xvesa/optional/udev-lib.tcz
/tftpboot/linux/tinycore/cde/xvesa/optional/x11vnc.tcz
/tftpboot/linux/tinycore/cde/xvesa/optional/x264.tcz
/tftpboot/linux/tinycore/cde/xvesa/optional/xdotool.tcz
/tftpboot/linux/tinycore/cde/xvesa/optional/Xlibs.tcz
/tftpboot/linux/tinycore/cde/xvesa/optional/Xorg-7.7-lib.tcz
/tftpboot/linux/tinycore/cde/optional/Xorg-7.7-bin.tcz
/tftpboot/linux/tinycore/cde/xvesa/optional/Xprogs.tcz
/tftpboot/linux/tinycore/cde/xvesa/optional/Xvesa.tcz
/tftpboot/linux/tinycore/cde/xvesa/optional/xvid.tcz
/tftpboot/linux/tinycore/cde/xvesa/optional/fontconfig.tcz
/tftpboot/linux/tinycore/cde/xvesa/optional/freerdp2.tcz
